// Jest Snapshot v1, https://goo.gl/fbAQLP

exports[`should render header 1`] = `
<header>
  <h1>
    Expensify Application
  </h1>
   
  <hr />
  <NavLink
    style={[Function]}
    to="dashboard"
  >
    Dashboard
  </NavLink>
   
  |
   
  <NavLink
    style={[Function]}
    to="create"
  >
    Create Expenses
  </NavLink>
   
  |
   
  <button
    onClick={[Function]}
  >
    Log out
  </button>
</header>
`;
